adw-gtk-theme
amd-ucode
base
base-devel
bat
bibata-cursor-theme
blender
bluez
bluez-utils
brightnessctl
btop
cups
cups-pk-helper
darktable
debugedit
discord
efibootmgr
ffmpegthumbnailer
freecad
fuzzel
fzf
ghostty
git
gst-plugin-pipewire
htop
intel-ucode
inxi
krita
libpulse
linux
linux-firmware
linux-lts
mako
man-db
mpv
nano
ncdu
neovim
networkmanager
niri
noto-fonts
noto-fonts-cjk
noto-fonts-emoji
ntfs-3g
ntfsprogs
nvidia-open
nwg-look
obsidian
openrgb
openssh
papirus-icon-theme
pipewire
pipewire-alsa
pipewire-jack
pipewire-pulse
podman
podman-desktop
power-profiles-daemon
prismlauncher
qt6ct
ripgrep
rofi
sddm
smartmontools
sof-firmware
steam
stow
sudo
swaybg
swayidle
swaylock
syncthing
system-config-printer
thunar
thunar-archive-plugin
thunar-volman
tiled
timeshift
trash-cli
tumbler
ufw
vim
vulkan-nouveau
vulkan-radeon
waybar
wev
wget
wireplumber
wl-clipboard
wlr-randr
xdg-desktop-portal-gnome
xdg-utils
xf86-video-amdgpu
xf86-video-ati
xf86-video-nouveau
xorg-xwayland
xwayland-satellite
yazi
zram-generator
zsh
